{
  "body": "Great job!\nNo linting errors found.\n:grin:",
  "status": "pass"
}
